// Jest Snapshot v1, https://goo.gl/fbAQLP

exports[`user can login 1`] = `
<div>
  <div
    class="Auth"
  >
    <form>
      <h1>
        Login
      </h1>
      <input
        placeholder="enter username"
        type="email"
        value=""
      />
      <input
        placeholder="enter password"
        type="text"
        value=""
      />
      <button>
        Submit
      </button>
    </form>
  </div>
</div>
`;
